........................................................................ [  1%]
........................................................................ [  2%]
........................................................................ [  3%]
........................................................................ [  4%]
.....................................x.................................. [  5%]
..................ss..ssss..s........................................... [  6%]
........................................................................ [  7%]
....ssssss...................ss.sssss.ss.ss.sssss.ss.ss.sssss.ss........ [  8%]
.s...........s...........s..ss.ss.ssssssss.ss.ssssssss.ss.ssssssss.ss.ss [  9%]
ssss.................................................................... [ 10%]
..........................ss...ss.ss.ssssssss.ss.ssssssss.ss.ssssssss.ss [ 12%]
.ssssssss.ss.ssssss..........................sss.....................sss [ 13%]
ssssssssss.............................................................. [ 14%]
........................................................................ [ 15%]
........................................................................ [ 16%]
........................................................................ [ 17%]
........................................................................ [ 18%]
........................................................................ [ 19%]
........................................................................ [ 20%]
..................ssssssss.............................................. [ 21%]
........................................................................ [ 23%]
........................................................................ [ 24%]
........................................................................ [ 25%]
........................................................................ [ 26%]
.........s.............................................................. [ 27%]
........................................................................ [ 28%]
........................................................................ [ 29%]
........................................................................ [ 30%]
........................................................................ [ 31%]
........................................................................ [ 32%]
........................................................................ [ 34%]
........................................................................ [ 35%]
........................................................................ [ 36%]
........................................................................ [ 37%]
.........................................s.............................. [ 38%]
........................................................................ [ 39%]
......................................................................ss [ 40%]
s....................................................................... [ 41%]
........................................................................ [ 42%]
........................................................................ [ 43%]
........................................................................ [ 45%]
........................................................................ [ 46%]
........................................................................ [ 47%]
........................................................................ [ 48%]
........................................................................ [ 49%]
........................................................................ [ 50%]
........................................................................ [ 51%]
........................................................................ [ 52%]
........................................................................ [ 53%]
.......................................................ssss............. [ 54%]
........................................................................ [ 56%]
........................................................................ [ 57%]
........................................................................ [ 58%]
........................................................................ [ 59%]
........................................................................ [ 60%]
.s...................................................................... [ 61%]
........................................................................ [ 62%]
..............................................ss........................ [ 63%]
........................................................................ [ 64%]
........................................................................ [ 65%]
..........................s............................................. [ 67%]
........................................................................ [ 68%]
........................................................................ [ 69%]
........................................................................ [ 70%]
........................................................................ [ 71%]
........................................................................ [ 72%]
........................................................................ [ 73%]
........................................................................ [ 74%]
........................................................................ [ 75%]
........................................................................ [ 76%]
........................................................................ [ 78%]
........................................................................ [ 79%]
........................................................................ [ 80%]
........................................................................ [ 81%]
........................................................................ [ 82%]
........................................................................ [ 83%]
........................................................................ [ 84%]
........................................................................ [ 85%]
........................................................................ [ 86%]
........................................................................ [ 87%]
........................................................................ [ 89%]
........................................................................ [ 90%]
........................................................................ [ 91%]
........................................................................ [ 92%]
........................................................................ [ 93%]
........................................................................ [ 94%]
........................................................................ [ 95%]
........................................................................ [ 96%]
........................................................................ [ 97%]
........................................................................ [ 98%]
.....................................................................    [100%]
📜 Scenario report written: /Users/yaliandrona/Projects/Chuzom/Docs/SCENARIO_REPORT.md (24 scenarios, 24 passed)

=============================== warnings summary ===============================
tests/test_adaptive_router.py::TestSidecarScoreEndpoint::test_score_request_model
  /Users/yaliandrona/Projects/Chuzom/src/chuzom/service.py:332: DeprecationWarning: 
          on_event is deprecated, use lifespan event handlers instead.
  
          Read more about it in the
          [FastAPI docs for Lifespan Events](https://fastapi.tiangolo.com/advanced/events/).
          
    @app.on_event("startup")

tests/test_adaptive_router.py::TestSidecarScoreEndpoint::test_score_request_model
  /Users/yaliandrona/Projects/Chuzom/.venv/lib/python3.11/site-packages/fastapi/applications.py:4656: DeprecationWarning: 
          on_event is deprecated, use lifespan event handlers instead.
  
          Read more about it in the
          [FastAPI docs for Lifespan Events](https://fastapi.tiangolo.com/advanced/events/).
          
    return self.router.on_event(event_type)  # ty: ignore[deprecated]

tests/test_adaptive_router.py::TestSidecarScoreEndpoint::test_score_endpoint_error_returns_original_order
tests/test_error_sanitization.py::TestCreateUserErrorMessage::test_logs_internal_error
tests/test_error_sanitization.py::TestSpecializedSanitization::test_sanitizes_database_error
tests/test_error_sanitization.py::TestSpecializedSanitization::test_sanitizes_api_error
tests/test_error_sanitization.py::TestSpecializedSanitization::test_includes_http_status_when_available
tests/test_error_sanitization.py::TestSpecializedSanitization::test_skips_http_status_when_not_requested
tests/test_oauth_token_rotation.py::TestTokenRefreshStrategy::test_refresh_handles_exceptions
  /Users/yaliandrona/Projects/Chuzom/.venv/lib/python3.11/site-packages/structlog/stdlib.py:1166: UserWarning: Remove `format_exc_info` from your processor chain if you want pretty exceptions.
    ed = p(logger, meth_name, ed)  # type: ignore[arg-type]

tests/test_dashboard_auth.py::test_auth_middleware_allows_index_without_token
  /Users/yaliandrona/Projects/Chuzom/tests/test_dashboard_auth.py:91: DeprecationWarning: Decorator `@unittest_run_loop` is no longer needed in aiohttp 3.8+
    @unittest_run_loop

tests/test_dashboard_auth.py::test_auth_middleware_blocks_api_without_token
  /Users/yaliandrona/Projects/Chuzom/tests/test_dashboard_auth.py:125: DeprecationWarning: Decorator `@unittest_run_loop` is no longer needed in aiohttp 3.8+
    @unittest_run_loop

tests/test_dashboard_auth.py::test_auth_middleware_allows_api_with_valid_token
  /Users/yaliandrona/Projects/Chuzom/tests/test_dashboard_auth.py:157: DeprecationWarning: Decorator `@unittest_run_loop` is no longer needed in aiohttp 3.8+
    @unittest_run_loop

tests/test_judge.py::test_store_judge_score
  /Users/yaliandrona/Projects/Chuzom/.venv/lib/python3.11/site-packages/pydantic_settings/sources/utils.py:258: RuntimeWarning: coroutine '_evaluate_background' was never awaited
    return tuple(dict.fromkeys(alias_names)), is_alias_path_only
  Enable tracemalloc to get traceback where the object was allocated.
  See https://docs.pytest.org/en/stable/how-to/capture-warnings.html#resource-warnings for more info.

-- Docs: https://docs.pytest.org/en/stable/how-to/capture-warnings.html
6376 passed, 174 skipped, 30 deselected, 1 xfailed, 13 warnings in 206.69s (0:03:26)
